// Jest Snapshot v1, https://goo.gl/fbAQLP

exports[`Core component / Checkbox GIVEN a Checkbox component
      WITH disabled state
      WHEN render component
      THEN should occurs render normaly 1`] = `
<div>
  <div
    class="artly-UI-c-bXbWpx artly-UI-c-bXbWpx-ihRAJlq-css artly-UI-c-PJLV"
  >
    <label
      class="artly-UI-c-chWhuJ artly-UI-c-chWhuJ-jprvTt-variant-body1 artly-UI-c-chWhuJ-cmVlgk-align-left artly-UI-c-chWhuJ-ijDMiJS-css artly-UI-c-kwAZbD"
      for="checkbox-airplane"
    >
      Checkbox Label
    </label>
    <button
      aria-checked="false"
      class="artly-UI-c-dFFOLH artly-UI-c-dFFOLH-bmChoa-color-unstyled"
      data-disabled=""
      data-state="unchecked"
      disabled=""
      id="checkbox-airplane"
      role="checkbox"
      type="button"
      value="item-1"
    />
  </div>
</div>
`;
